../Core/Src/tm1637.c:136:13:tm_delay	16	static
../Core/Src/tm1637.c:142:13:_set_crl	24	static
../Core/Src/tm1637.c:148:13:CLK_HIGH	8	static
../Core/Src/tm1637.c:149:13:CLK_LOW	8	static
../Core/Src/tm1637.c:155:13:DIO_HIGH	8	static
../Core/Src/tm1637.c:156:13:DIO_LOW	8	static
../Core/Src/tm1637.c:162:16:DIO_READ	8	static
../Core/Src/tm1637.c:173:13:tm_start	8	static
../Core/Src/tm1637.c:180:13:tm_stop	8	static
../Core/Src/tm1637.c:190:16:tm_write_byte	24	static
../Core/Src/tm1637.c:225:6:TM1637_Init	8	static
../Core/Src/tm1637.c:235:6:TM1637_DisplayOn	16	static
../Core/Src/tm1637.c:242:6:TM1637_DisplayOff	8	static
../Core/Src/tm1637.c:249:6:TM1637_Clear	16	static
../Core/Src/tm1637.c:256:6:TM1637_WriteRaw	24	static
../Core/Src/tm1637.c:277:9:TM1637_CharToSeg	16	static
../Core/Src/tm1637.c:284:6:TM1637_DisplayString	32	static
../Core/Src/tm1637.c:295:6:TM1637_DisplayInt	24	static
../Core/Src/tm1637.c:331:6:TM1637_DisplayHex	24	static
../Core/Src/tm1637.c:342:6:TM1637_DisplayTemp	24	static
../Core/Src/tm1637.c:363:6:TM1637_DisplayTime	24	static
../Core/Src/tm1637.c:383:6:TM1637_DisplayFloat	32	static
../Core/Src/tm1637.c:415:6:TM1637_Scroll	112	static
../Core/Src/tm1637.c:434:6:TM1637_Blink	48	static
